[INFO] Scanning for projects...
[INFO] 
[INFO] -------------------------< com.example:venuva >-------------------------
[INFO] Building venuva 0.0.1-SNAPSHOT
[INFO]   from pom.xml
[INFO] --------------------------------[ jar ]---------------------------------
[INFO] 
[INFO] --- clean:3.5.0:clean (default-clean) @ venuva ---
[INFO] Deleting E:\Projects\venuva\venuva\target
[INFO] 
[INFO] --- resources:3.3.1:resources (default-resources) @ venuva ---
[INFO] Copying 1 resource from src\main\resources to target\classes
[INFO] Copying 1 resource from src\main\resources to target\classes
[INFO] 
[INFO] --- compiler:3.14.1:compile (default-compile) @ venuva ---
[INFO] Recompiling the module because of changed source code.
[INFO] Compiling 55 source files with javac [debug parameters release 21] to target\classes
.\mvnw : WARNING: A terminally deprecated method in sun.misc.Unsafe has been 
called
At line:1 char:1
+ .\mvnw clean package 2>&1 | Tee-Object -FilePath build_output.txt
+ ~~~~~~~~~~~~~~~~~~~~~~~~~
    + CategoryInfo          : NotSpecified: (WARNING: A term...has been called 
   :String) [], RemoteException
    + FullyQualifiedErrorId : NativeCommandError
 
WARNING: sun.misc.Unsafe::objectFieldOffset has been called by 
lombok.permit.Permit
WARNING: Please consider reporting this to the maintainers of class 
lombok.permit.Permit
WARNING: sun.misc.Unsafe::objectFieldOffset will be removed in a future release
[WARNING] /E:/Projects/venuva/venuva/src/main/java/com/example/venuva/Shared/Dtos/Notifs/NotifDTO.java:[19,27] @Builder will ignore the initializing expression entirely. If you want the initializing expression to serve as default, add @Builder.Default. If it is not supposed to be settable during building, make the field final.
[WARNING] /E:/Projects/venuva/venuva/src/main/java/com/example/venuva/Shared/Dtos/Notifs/NotifDTO.java:[25,21] @Builder will ignore the initializing expression entirely. If you want the initializing expression to serve as default, add @Builder.Default. If it is not supposed to be settable during building, make the field final.
[WARNING] /E:/Projects/venuva/venuva/src/main/java/com/example/venuva/Shared/Dtos/ErrorResponse.java:[21,21] @Builder will ignore the initializing expression entirely. If you want the initializing expression to serve as default, add @Builder.Default. If it is not supposed to be settable during building, make the field final.
[WARNING] /E:/Projects/venuva/venuva/src/main/java/com/example/venuva/Core/Domain/Models/UserDetails/User.java:[36,21] @Builder will ignore the initializing expression entirely. If you want the initializing expression to serve as default, add @Builder.Default. If it is not supposed to be settable during building, make the field final.
[WARNING] /E:/Projects/venuva/venuva/src/main/java/com/example/venuva/Core/Domain/Models/NotificationModule/UserNotification.java:[29,21] @Builder will ignore the initializing expression entirely. If you want the initializing expression to serve as default, add @Builder.Default. If it is not supposed to be settable during building, make the field final.
[INFO] 
[INFO] --- resources:3.3.1:testResources (default-testResources) @ venuva ---
[INFO] skip non existing resourceDirectory E:\Projects\venuva\venuva\src\test\resources
[INFO] 
[INFO] --- compiler:3.14.1:testCompile (default-testCompile) @ venuva ---
[INFO] Recompiling the module because of changed dependency.
[INFO] Compiling 1 source file with javac [debug parameters release 21] to target\test-classes
[INFO] 
[INFO] --- surefire:3.5.5:test (default-test) @ venuva ---
[INFO] Using auto detected provider org.apache.maven.surefire.junitplatform.JUnitPlatformProvider
[INFO] 
[INFO] -------------------------------------------------------
[INFO]  T E S T S
[INFO] -------------------------------------------------------
[INFO] Running com.example.venuva.VenuvaApplicationTests
18:21:07.908 [main] INFO org.springframework.test.context.support.AnnotationConfigContextLoaderUtils -- Could not detect default configuration classes for test class [com.example.venuva.VenuvaApplicationTests]: VenuvaApplicationTests does not declare any static, non-private, non-final, nested classes annotated with @Configuration.
18:21:08.100 [main] INFO org.springframework.boot.test.context.SpringBootTestContextBootstrapper -- Found @SpringBootConfiguration com.example.venuva.VenuvaApplication for test class com.example.venuva.VenuvaApplicationTests
18:21:08.185 [main] INFO org.springframework.test.context.support.AnnotationConfigContextLoaderUtils -- Could not detect default configuration classes for test class [com.example.venuva.VenuvaApplicationTests]: VenuvaApplicationTests does not declare any static, non-private, non-final, nested classes annotated with @Configuration.
18:21:08.187 [main] INFO org.springframework.boot.test.context.SpringBootTestContextBootstrapper -- Found @SpringBootConfiguration com.example.venuva.VenuvaApplication for test class com.example.venuva.VenuvaApplicationTests

  .   ____          _            __ _ _
 /\\ / ___'_ __ _ _(_)_ __  __ _ \ \ \ \
( ( )\___ | '_ | '_| | '_ \/ _` | \ \ \ \
 \\/  ___)| |_)| | | | | || (_| |  ) ) ) )
  '  |____| .__|_| |_|_| |_\__, | / / / /
 =========|_|==============|___/=/_/_/_/

 :: Spring Boot ::                (v4.0.5)

2026-04-24T18:21:08.457+03:00  INFO 23980 --- [venuva] [           main] c.example.venuva.VenuvaApplicationTests  : Starting VenuvaApplicationTests using Java 25.0.1 with PID 23980 (started by Gaber in E:\Projects\venuva\venuva)
2026-04-24T18:21:08.458+03:00  INFO 23980 --- [venuva] [           main] c.example.venuva.VenuvaApplicationTests  : No active profile set, falling back to 1 default profile: "default"
2026-04-24T18:21:09.274+03:00  INFO 23980 --- [venuva] [           main] .s.d.r.c.RepositoryConfigurationDelegate : Bootstrapping Spring Data JPA repositories in DEFAULT mode.
2026-04-24T18:21:09.346+03:00  INFO 23980 --- [venuva] [           main] .s.d.r.c.RepositoryConfigurationDelegate : Finished Spring Data repository scanning in 59 ms. Found 6 JPA repository interfaces.
2026-04-24T18:21:09.954+03:00  INFO 23980 --- [venuva] [           main] org.hibernate.orm.jpa                    : HHH008540: Processing PersistenceUnitInfo [name: default]
2026-04-24T18:21:10.017+03:00  INFO 23980 --- [venuva] [           main] org.hibernate.orm.core                   : HHH000001: Hibernate ORM core version 7.2.7.Final
2026-04-24T18:21:10.512+03:00  INFO 23980 --- [venuva] [           main] o.s.o.j.p.SpringPersistenceUnitInfo      : No LoadTimeWeaver setup: ignoring JPA class transformer
2026-04-24T18:21:10.537+03:00  INFO 23980 --- [venuva] [           main] com.zaxxer.hikari.HikariDataSource       : HikariPool-1 - Starting...
2026-04-24T18:21:10.682+03:00  INFO 23980 --- [venuva] [           main] com.zaxxer.hikari.pool.HikariPool        : HikariPool-1 - Added connection com.mysql.cj.jdbc.ConnectionImpl@411933
2026-04-24T18:21:10.684+03:00  INFO 23980 --- [venuva] [           main] com.zaxxer.hikari.HikariDataSource       : HikariPool-1 - Start completed.
2026-04-24T18:21:10.726+03:00  WARN 23980 --- [venuva] [           main] org.hibernate.orm.core                   : HHH000511: The 5.5.5 version for [org.hibernate.dialect.MySQLDialect] is no longer supported, hence certain features may not work properly.The minimum supported version is 8.0.0. Check the community dialects project for available legacy versions.
2026-04-24T18:21:10.743+03:00  INFO 23980 --- [venuva] [           main] org.hibernate.orm.connections.pooling    : HHH10001005: Database info:
	Database JDBC URL [jdbc:mysql://localhost:3306/venuvadb]
	Database driver: MySQL Connector/J
	Database dialect: MySQLDialect
	Database version: 5.5.5
	Default catalog/schema: venuvadb/undefined
	Autocommit mode: undefined/unknown
	Isolation level: REPEATABLE_READ [default REPEATABLE_READ]
	JDBC fetch size: none
	Pool: DataSourceConnectionProvider
	Minimum pool size: undefined/unknown
	Maximum pool size: undefined/unknown
2026-04-24T18:21:11.693+03:00  INFO 23980 --- [venuva] [           main] org.hibernate.orm.core                   : HHH000489: No JTA platform available (set 'hibernate.transaction.jta.platform' to enable JTA platform integration)
2026-04-24T18:21:11.895+03:00  INFO 23980 --- [venuva] [           main] j.LocalContainerEntityManagerFactoryBean : Initialized JPA EntityManagerFactory for persistence unit 'default'
2026-04-24T18:21:12.027+03:00  INFO 23980 --- [venuva] [           main] o.s.d.j.r.query.QueryEnhancerFactories   : Hibernate is in classpath; If applicable, HQL parser will be used.
2026-04-24T18:21:12.905+03:00  WARN 23980 --- [venuva] [           main] JpaBaseConfiguration$JpaWebConfiguration : spring.jpa.open-in-view is enabled by default. Therefore, database queries may be performed during view rendering. Explicitly configure spring.jpa.open-in-view to disable this warning
2026-04-24T18:21:13.021+03:00 DEBUG 23980 --- [venuva] [           main] swordEncoderAuthenticationManagerBuilder : No authenticationProviders and no parentAuthenticationManager defined. Returning null.
2026-04-24T18:21:13.337+03:00 DEBUG 23980 --- [venuva] [           main] o.s.s.web.DefaultSecurityFilterChain     : Will secure any request with filters: DisableEncodeUrlFilter, WebAsyncManagerIntegrationFilter, SecurityContextHolderFilter, HeaderWriterFilter, CorsFilter, LogoutFilter, JwtAuthenticationFilter, RequestCacheAwareFilter, SecurityContextHolderAwareRequestFilter, AnonymousAuthenticationFilter, SessionManagementFilter, ExceptionTranslationFilter, AuthorizationFilter
2026-04-24T18:21:13.743+03:00  INFO 23980 --- [venuva] [           main] c.example.venuva.VenuvaApplicationTests  : Started VenuvaApplicationTests in 5.498 seconds (process running for 6.663)
Mockito is currently self-attaching to enable the inline-mock-maker. This will 
no longer work in future releases of the JDK. Please add Mockito as an agent 
to your build as described in Mockito's documentation: https://javadoc.io/doc/o
rg.mockito/mockito-core/latest/org.mockito/org/mockito/Mockito.html#0.3
WARNING: A Java agent has been loaded dynamically (C:\Users\Gaber\.m2\repositor
y\net\bytebuddy\byte-buddy-agent\1.17.8\byte-buddy-agent-1.17.8.jar)
WARNING: If a serviceability tool is in use, please run with 
-XX:+EnableDynamicAgentLoading to hide this warning
WARNING: If a serviceability tool is not in use, please run with 
-Djdk.instrument.traceUsage for more information
WARNING: Dynamic loading of agents will be disallowed by default in a future 
release
Java HotSpot(TM) 64-Bit Server VM warning: Sharing is only supported for boot 
loader classes because bootstrap classpath has been appended
[INFO] Tests run: 1, Failures: 0, Errors: 0, Skipped: 0, Time elapsed: 6.307 s -- in com.example.venuva.VenuvaApplicationTests
[INFO] 
[INFO] Results:
[INFO] 
[INFO] Tests run: 1, Failures: 0, Errors: 0, Skipped: 0
[INFO] 
[INFO] 
[INFO] --- jar:3.4.2:jar (default-jar) @ venuva ---
[INFO] Building jar: E:\Projects\venuva\venuva\target\venuva-0.0.1-SNAPSHOT.jar
[INFO] 
[INFO] --- spring-boot:4.0.5:repackage (repackage) @ venuva ---
[INFO] Replacing main artifact E:\Projects\venuva\venuva\target\venuva-0.0.1-SNAPSHOT.jar with repackaged archive, adding nested dependencies in BOOT-INF/.
[INFO] The original artifact has been renamed to E:\Projects\venuva\venuva\target\venuva-0.0.1-SNAPSHOT.jar.original
[INFO] ------------------------------------------------------------------------
[INFO] BUILD SUCCESS
[INFO] ------------------------------------------------------------------------
[INFO] Total time:  14.319 s
[INFO] Finished at: 2026-04-24T18:21:15+03:00
[INFO] ------------------------------------------------------------------------
